// Jest Snapshot v1, https://goo.gl/fbAQLP

exports[`Should render edit test page 1`] = `
<div>
  <ExpenseForm
    expense={
      Object {
        "amount": 12000,
        "createdAt": 345600000,
        "description": "houserent",
        "id": "2",
        "note": "",
      }
    }
    onSubmit={[Function]}
  />
  <button
    onClick={[Function]}
  >
    Remove
  </button>
</div>
`;
