// Jest Snapshot v1, https://goo.gl/fbAQLP

exports[`Should render expense list with expenses 1`] = `
<div>
  <h1>
    Expense List
  </h1>
  <Connect(ExpenseListItem)
    amount={1}
    createdAt={-345600000}
    description="gumball"
    id="1"
    key="1"
    note=""
  />
  <Connect(ExpenseListItem)
    amount={12000}
    createdAt={345600000}
    description="houserent"
    id="2"
    key="2"
    note=""
  />
  <Connect(ExpenseListItem)
    amount={10}
    createdAt={0}
    description="udemycourse"
    id="3"
    key="3"
    note=""
  />
</div>
`;

exports[`Should render expense list with expenses with empty message 1`] = `
<div>
  <h1>
    Expense List
  </h1>
  <p>
    No Expenses
  </p>
</div>
`;
